
> frontend@0.1.0 build
> next build

  Suggestion: Wait for the build to complete.
⨯ Another next build process is already running.

  This could be:
  - A next build still in progress
  - A previous build that didn't exit cleanly

